#-----------------------------------------------------------
# Vivado v2022.2 (64-bit)
# SW Build 3671981 on Fri Oct 14 05:00:03 MDT 2022
# IP Build 3669848 on Fri Oct 14 08:30:02 MDT 2022
# Start of session at: Sat Apr 29 17:04:16 2023
# Process ID: 36832
# Current directory: C:/Users/vamsi/OneDrive/Desktop/VHDL/Project2/Mega_cluster
# Command line: vivado.exe -gui_launcher_event rodinguilauncherevent23976 C:\Users\vamsi\OneDrive\Desktop\VHDL\Project2\Mega_cluster\Mega_cluster.xpr
# Log file: C:/Users/vamsi/OneDrive/Desktop/VHDL/Project2/Mega_cluster/vivado.log
# Journal file: C:/Users/vamsi/OneDrive/Desktop/VHDL/Project2/Mega_cluster\vivado.jou
# Running On: Vamsi, OS: Windows, CPU Frequency: 2611 MHz, CPU Physical cores: 10, Host memory: 16832 MB
#-----------------------------------------------------------
start_gui
open_project C:/Users/vamsi/OneDrive/Desktop/VHDL/Project2/Mega_cluster/Mega_cluster.xpr
update_compile_order -fileset sources_1
launch_simulation
launch_simulation
source Mega_Cluster_tb.tcl
create_project MegaCluster2 C:/Users/vamsi/OneDrive/Desktop/VHDL/Project2/MegaCluster2 -part xc7vx485tffg1157-1
file mkdir C:/Users/vamsi/OneDrive/Desktop/VHDL/Project2/MegaCluster2/MegaCluster2.srcs/sources_1/new
set_property target_language VHDL [current_project]
close [ open C:/Users/vamsi/OneDrive/Desktop/VHDL/Project2/MegaCluster2/MegaCluster2.srcs/sources_1/new/MegaCluster2.vhd w ]
add_files C:/Users/vamsi/OneDrive/Desktop/VHDL/Project2/MegaCluster2/MegaCluster2.srcs/sources_1/new/MegaCluster2.vhd
update_compile_order -fileset sources_1
import_files -norecurse {C:/Users/vamsi/OneDrive/Desktop/VHDL/Project2/Mega_cluster/Mega_cluster.srcs/sources_1/imports/new/Cluster.vhd C:/Users/vamsi/OneDrive/Desktop/VHDL/Project2/Mega_cluster/Mega_cluster.srcs/sources_1/imports/new/D_flipflop.vhd C:/Users/vamsi/OneDrive/Desktop/VHDL/Project2/Mega_cluster/Mega_cluster.srcs/sources_1/imports/new/CU.vhd}
update_compile_order -fileset sources_1
launch_simulation
source MegaCluster2.tcl
close_sim
set_property SOURCE_SET sources_1 [get_filesets sim_1]
import_files -fileset sim_1 -norecurse C:/Users/vamsi/OneDrive/Desktop/VHDL/Project2/Mega_cluster/Mega_cluster.srcs/sim_1/new/Mega_Cluster_tb.vhd
update_compile_order -fileset sim_1
update_compile_order -fileset sim_1
current_project Mega_cluster
close_sim
launch_simulation
launch_simulation
launch_simulation
source Mega_Cluster_tb.tcl
current_project MegaCluster2
launch_simulation
source Mega_Cluster_tb.tcl
current_project Mega_cluster
current_project MegaCluster2
close_sim
launch_simulation
source Mega_Cluster_tb.tcl
current_project Mega_cluster
launch_simulation
source Mega_Cluster_tb.tcl
current_project MegaCluster2
launch_simulation
launch_simulation
source Mega_Cluster_tb.tcl
current_project Mega_cluster
launch_simulation
source Mega_Cluster_tb.tcl
current_project MegaCluster2
launch_simulation
launch_simulation
source Mega_Cluster_tb.tcl
close_sim
launch_simulation
source Mega_Cluster_tb.tcl
current_project Mega_cluster
launch_simulation
source Mega_Cluster_tb.tcl
create_project MegaCluster3 C:/Users/vamsi/OneDrive/Desktop/VHDL/Project2/MegaCluster3 -part xc7vx485tffg1157-1
file mkdir C:/Users/vamsi/OneDrive/Desktop/VHDL/Project2/MegaCluster3/MegaCluster3.srcs/sources_1/new
set_property target_language VHDL [current_project]
close [ open C:/Users/vamsi/OneDrive/Desktop/VHDL/Project2/MegaCluster3/MegaCluster3.srcs/sources_1/new/MegaCluster3.vhd w ]
add_files C:/Users/vamsi/OneDrive/Desktop/VHDL/Project2/MegaCluster3/MegaCluster3.srcs/sources_1/new/MegaCluster3.vhd
update_compile_order -fileset sources_1
import_files -norecurse {C:/Users/vamsi/OneDrive/Desktop/VHDL/Project2/Mega_cluster/Mega_cluster.srcs/sources_1/imports/new/Cluster.vhd C:/Users/vamsi/OneDrive/Desktop/VHDL/Project2/Mega_cluster/Mega_cluster.srcs/sources_1/imports/new/D_flipflop.vhd C:/Users/vamsi/OneDrive/Desktop/VHDL/Project2/Mega_cluster/Mega_cluster.srcs/sources_1/imports/new/CU.vhd}
update_compile_order -fileset sources_1
update_compile_order -fileset sources_1
launch_simulation
source Mini_Cluster.tcl
update_compile_order -fileset sources_1
set_property SOURCE_SET sources_1 [get_filesets sim_1]
import_files -fileset sim_1 -norecurse C:/Users/vamsi/OneDrive/Desktop/VHDL/Project2/Mega_cluster/Mega_cluster.srcs/sim_1/new/Mega_Cluster_tb.vhd
update_compile_order -fileset sim_1
update_compile_order -fileset sim_1
current_project MegaCluster2
launch_simulation
current_project Mega_cluster
close_sim
current_project MegaCluster2
launch_simulation
source Mega_Cluster_tb.tcl
current_project MegaCluster3
launch_simulation
source Mega_Cluster_tb.tcl
current_project MegaCluster2
launch_simulation
source Mega_Cluster_tb.tcl
current_project MegaCluster3
launch_simulation
source Mega_Cluster_tb.tcl
close_sim
launch_simulation
source Mega_Cluster_tb.tcl
create_project MegaCluster4 C:/Users/vamsi/OneDrive/Desktop/VHDL/Project2/MEgaCluster4 -part xc7vx485tffg1157-1
file mkdir C:/Users/vamsi/OneDrive/Desktop/VHDL/Project2/MEgaCluster4/MegaCluster4.srcs/sources_1/new
set_property target_language VHDL [current_project]
close [ open C:/Users/vamsi/OneDrive/Desktop/VHDL/Project2/MEgaCluster4/MegaCluster4.srcs/sources_1/new/MegaCluster4.vhd w ]
add_files C:/Users/vamsi/OneDrive/Desktop/VHDL/Project2/MEgaCluster4/MegaCluster4.srcs/sources_1/new/MegaCluster4.vhd
update_compile_order -fileset sources_1
import_files -norecurse {C:/Users/vamsi/OneDrive/Desktop/VHDL/Project2/Mega_cluster/Mega_cluster.srcs/sources_1/imports/new/Cluster.vhd C:/Users/vamsi/OneDrive/Desktop/VHDL/Project2/Mega_cluster/Mega_cluster.srcs/sources_1/imports/new/D_flipflop.vhd C:/Users/vamsi/OneDrive/Desktop/VHDL/Project2/Mega_cluster/Mega_cluster.srcs/sources_1/imports/new/CU.vhd}
update_compile_order -fileset sources_1
update_compile_order -fileset sources_1
update_compile_order -fileset sources_1
set_property SOURCE_SET sources_1 [get_filesets sim_1]
import_files -fileset sim_1 -norecurse C:/Users/vamsi/OneDrive/Desktop/VHDL/Project2/Mega_cluster/Mega_cluster.srcs/sim_1/new/Mega_Cluster_tb.vhd
update_compile_order -fileset sim_1
update_compile_order -fileset sim_1
current_project MegaCluster3
close_sim
launch_simulation
source Mega_Cluster_tb.tcl
current_project MegaCluster4
current_project MegaCluster3
current_project MegaCluster4
launch_simulation
launch_simulation
current_project MegaCluster3
launch_simulation
source Mega_Cluster_tb.tcl
close_sim
launch_simulation
source Mega_Cluster_tb.tcl
current_project MegaCluster4
launch_simulation
launch_simulation
source Mega_Cluster_tb.tcl
current_project MegaCluster3
launch_simulation
source Mega_Cluster_tb.tcl
current_project MegaCluster4
launch_simulation
source Mega_Cluster_tb.tcl
close_sim
launch_simulation
source Mega_Cluster_tb.tcl
relaunch_sim
relaunch_sim
close_sim
launch_simulation
source Mega_Cluster_tb.tcl
current_project Mega_cluster
synth_design -rtl -rtl_skip_mlo -name rtl_1
launch_simulation
source Mega_Cluster_tb.tcl
current_project MegaCluster2
launch_simulation
source Mega_Cluster_tb.tcl
current_project MegaCluster3
launch_simulation
source Mega_Cluster_tb.tcl
current_project MegaCluster2
launch_simulation
source Mega_Cluster_tb.tcl
current_project MegaCluster3
launch_simulation
source Mega_Cluster_tb.tcl
current_project MegaCluster4
launch_simulation
source Mega_Cluster_tb.tcl
current_project MegaCluster3
launch_simulation
source Mega_Cluster_tb.tcl
current_project MegaCluster4
launch_simulation
source Mega_Cluster_tb.tcl
current_project MegaCluster2
close_project
current_project Mega_cluster
close_project
current_project MegaCluster3
close_project
close_sim
