#-----------------------------------------------------------
# Vivado v2022.2 (64-bit)
# SW Build 3671981 on Fri Oct 14 05:00:03 MDT 2022
# IP Build 3669848 on Fri Oct 14 08:30:02 MDT 2022
# Start of session at: Sat May  6 16:33:34 2023
# Process ID: 28348
# Current directory: C:/Users/vamsi/OneDrive/Desktop/VHDL/Project2/Mega_cluster
# Command line: vivado.exe -gui_launcher_event rodinguilauncherevent25520 C:\Users\vamsi\OneDrive\Desktop\VHDL\Project2\Mega_cluster\Mega_cluster.xpr
# Log file: C:/Users/vamsi/OneDrive/Desktop/VHDL/Project2/Mega_cluster/vivado.log
# Journal file: C:/Users/vamsi/OneDrive/Desktop/VHDL/Project2/Mega_cluster\vivado.jou
# Running On: Vamsi, OS: Windows, CPU Frequency: 2611 MHz, CPU Physical cores: 10, Host memory: 16832 MB
#-----------------------------------------------------------
start_gui
open_project C:/Users/vamsi/OneDrive/Desktop/VHDL/Project2/Mega_cluster/Mega_cluster.xpr
update_compile_order -fileset sources_1
synth_design -rtl -rtl_skip_mlo -name rtl_1
write_schematic -format pdf -orientation portrait C:/Users/vamsi/OneDrive/Desktop/VHDL/Project2/Giga_Cluster/Giga_Cluster.srcs/sources_1/imports/Project2/MegaCluster2/MegaCluster2.srcs/sources_1/new/schematic.pdf
